// Jest Snapshot v1, https://goo.gl/fbAQLP

exports[`renders the Home component correctly 1`] = `
<div
  className="nav"
>
  <div
    className="health-nav"
  >
    <span
      className="material-icons logo-nav"
    >
      maps_ugc
    </span>
    <p>
      Health
      <span
        className="p-subtitle"
      >
        Track
      </span>
    </p>
  </div>
</div>
`;
