// Jest Snapshot v1, https://goo.gl/fbAQLP

exports[`renders the Tracker component correctly 1`] = `
<div
  className="tracker"
>
  <div
    className="card"
  >
    <i
      className="fas heart fa-heartbeat"
    />
    <div>
      <p
        className="text-unit"
      >
        Blood Pressure:
      </p>
      <div
        className="display"
      >
        <p
          className="figure"
        >
          1
        </p>
        <p
          className="unit-two"
        >
          mmHg
        </p>
      </div>
    </div>
  </div>
  <div
    className="card"
  >
    <i
      className="fas heart fa-signal"
    />
    <div>
      <p
        className="text-unit"
      >
        Blood Glucose:
      </p>
      <div
        className="display"
      >
        <p
          className="figure"
        >
          1
        </p>
        <p
          className="unit-two"
        >
          mmol/L
        </p>
      </div>
    </div>
  </div>
</div>
`;
